TAP version 13
# Subtest: scanMemeRef : le motif recodé est attrapé, le prédicat et la prose passent
ok 1 - scanMemeRef : le motif recodé est attrapé, le prédicat et la prose passent
  ---
  duration_ms: 5.949314
  type: 'test'
  ...
# Subtest: scanMemeRef : le numéro de ligne désigne la ligne source
ok 2 - scanMemeRef : le numéro de ligne désigne la ligne source
  ---
  duration_ms: 2.476261
  type: 'test'
  ...
1..2
# tests 2
# suites 0
# pass 2
# fail 0
# cancelled 0
# skipped 0
# todo 0
# duration_ms 214.024772
node exit=0
